---
source: subtest-impl/tests/expand_impl.rs
expression: macro_output
input_file: subtest-impl/tests/expand_impl/return_type_unused_unit.rs
---
#[test]
fn parent() -> () {}
mod parent_subtests {
    use super::*;
    #[test]
    fn child() -> () {}
    mod child_subtests {
        use super::*;
        #[test]
        fn grandchild() -> () {}
    }
}
