---
source: subtest-impl/tests/expand_impl.rs
expression: macro_output
input_file: subtest-impl/tests/expand_impl/attr_add.rs
---
#[test]
fn parent() {}
mod parent_subtests {
    use super::*;
    #[test]
    #[allow(clippy::eq_op)]
    #[should_panic(expected = "my failure")]
    fn child_with_added_attrs() {}
    mod child_with_added_attrs_subtests {
        use super::*;
        #[test]
        fn grandchild_reset() {}
        #[test]
        #[allow(clippy::eq_op)]
        fn grandchild_inheriting_only_the_allowance() {}
    }
}
